2026-05-28T20:47:44.545627200 | TYPE=CONNECT | CLIENT=7722c5d3-5bb3-dc66-f4a6-16f423d434c5 | STATUS=SUCCESS | MESSAGE=Client connected
2026-05-28T20:47:47.097086400 | TYPE=CONNECT | CLIENT=e7b2fb4d-c22a-c94c-29df-936e6a54e476 | STATUS=SUCCESS | MESSAGE=Client connected
2026-05-28T20:47:49.675537600 | TYPE=CONNECT | CLIENT=0ff38114-05b0-53f0-784e-4fc5b4b68875 | STATUS=SUCCESS | MESSAGE=Client connected
2026-05-28T20:47:52.419541600 | TYPE=CONNECT | CLIENT=b48e629d-3d59-d7be-b3a0-86a3027b2cd6 | STATUS=SUCCESS | MESSAGE=Client connected
2026-05-28T20:47:57.092638500 | TYPE=MESSAGE_RECEIVED | CLIENT=7722c5d3-5bb3-dc66-f4a6-16f423d434c5 | STATUS=RECEIVED | MESSAGE=l
2026-05-28T20:48:07.795267100 | TYPE=MESSAGE_RECEIVED | CLIENT=e7b2fb4d-c22a-c94c-29df-936e6a54e476 | STATUS=RECEIVED | MESSAGE=hi
2026-05-28T20:48:12.847760300 | TYPE=MESSAGE_RECEIVED | CLIENT=0ff38114-05b0-53f0-784e-4fc5b4b68875 | STATUS=RECEIVED | MESSAGE=hello
2026-05-28T20:48:16.732672600 | TYPE=MESSAGE_RECEIVED | CLIENT=b48e629d-3d59-d7be-b3a0-86a3027b2cd6 | STATUS=RECEIVED | MESSAGE=hii
2026-05-28T20:49:05.425829100 | TYPE=MESSAGE_RECEIVED | CLIENT=0ff38114-05b0-53f0-784e-4fc5b4b68875 | STATUS=RECEIVED | MESSAGE=hii
2026-05-28T20:49:09.206157 | TYPE=MESSAGE_RECEIVED | CLIENT=e7b2fb4d-c22a-c94c-29df-936e6a54e476 | STATUS=RECEIVED | MESSAGE=hi
2026-05-28T20:49:12.960803700 | TYPE=MESSAGE_RECEIVED | CLIENT=b48e629d-3d59-d7be-b3a0-86a3027b2cd6 | STATUS=RECEIVED | MESSAGE=hii
2026-05-28T20:58:27.539052800 | TYPE=CONNECT | CLIENT=c48001f6-571c-1c05-d568-c37e2231401c | STATUS=SUCCESS | MESSAGE=Client connected
2026-05-28T20:58:27.546079500 | TYPE=CONNECT | CLIENT=bab15965-ab97-f89e-a7b7-3b014b6e6417 | STATUS=SUCCESS | MESSAGE=Client connected
2026-05-28T20:58:29.266666 | TYPE=CONNECT | CLIENT=2432369b-9ace-75b6-2f38-33eaf4de0307 | STATUS=SUCCESS | MESSAGE=Client connected
2026-05-28T20:58:30.468366400 | TYPE=CONNECT | CLIENT=ca034908-8020-8fd8-38f8-a761c6c15d2e | STATUS=SUCCESS | MESSAGE=Client connected
2026-05-28T20:58:36.237637800 | TYPE=MESSAGE_RECEIVED | CLIENT=c48001f6-571c-1c05-d568-c37e2231401c | STATUS=RECEIVED | MESSAGE=hii
2026-05-28T20:58:42.108016400 | TYPE=MESSAGE_RECEIVED | CLIENT=2432369b-9ace-75b6-2f38-33eaf4de0307 | STATUS=RECEIVED | MESSAGE=hii
2026-05-28T20:58:45.445363400 | TYPE=DISCONNECT | CLIENT=bab15965-ab97-f89e-a7b7-3b014b6e6417 | STATUS=SUCCESS | MESSAGE=Client disconnected
2026-05-28T20:58:45.512008100 | TYPE=CONNECT | CLIENT=34461509-1751-bf3f-e8bb-9ec8550f15bf | STATUS=SUCCESS | MESSAGE=Client connected
2026-05-28T20:58:48.744040 | TYPE=DISCONNECT | CLIENT=ca034908-8020-8fd8-38f8-a761c6c15d2e | STATUS=SUCCESS | MESSAGE=Client disconnected
2026-05-28T20:58:48.810538500 | TYPE=CONNECT | CLIENT=6f6ad677-e4aa-a35c-24e1-7cd2b923f2be | STATUS=SUCCESS | MESSAGE=Client connected
2026-05-28T20:58:52.962565100 | TYPE=MESSAGE_RECEIVED | CLIENT=6f6ad677-e4aa-a35c-24e1-7cd2b923f2be | STATUS=RECEIVED | MESSAGE=hii
2026-05-28T21:04:37.524105900 | TYPE=CONNECT | CLIENT=b93105b4-343b-f25d-f801-c165236fda9d | STATUS=SUCCESS | MESSAGE=Client connected
2026-05-28T21:04:37.526595400 | TYPE=CONNECT | CLIENT=e212602a-1dab-ec82-be08-5565f8826ec7 | STATUS=SUCCESS | MESSAGE=Client connected
2026-05-28T21:04:37.545230700 | TYPE=CONNECT | CLIENT=7db304ac-0894-5802-389c-dac840e5105f | STATUS=SUCCESS | MESSAGE=Client connected
2026-05-28T21:04:39.240910 | TYPE=CONNECT | CLIENT=8db24858-ece2-3064-9e5b-b7073b05e20d | STATUS=SUCCESS | MESSAGE=Client connected
2026-05-28T21:05:15.733799200 | TYPE=DISCONNECT | CLIENT=7db304ac-0894-5802-389c-dac840e5105f | STATUS=SUCCESS | MESSAGE=Client disconnected
2026-05-28T21:05:16.913356600 | TYPE=DISCONNECT | CLIENT=8db24858-ece2-3064-9e5b-b7073b05e20d | STATUS=SUCCESS | MESSAGE=Client disconnected
2026-05-28T21:05:17.871669300 | TYPE=DISCONNECT | CLIENT=e212602a-1dab-ec82-be08-5565f8826ec7 | STATUS=SUCCESS | MESSAGE=Client disconnected
2026-05-28T21:05:19.018469200 | TYPE=DISCONNECT | CLIENT=b93105b4-343b-f25d-f801-c165236fda9d | STATUS=SUCCESS | MESSAGE=Client disconnected
2026-05-28T21:05:22.874337200 | TYPE=CONNECT | CLIENT=56f08cf1-d630-35e5-13f1-d3cfcde8ead4 | STATUS=SUCCESS | MESSAGE=Client connected
2026-05-28T21:05:26.671756900 | TYPE=CONNECT | CLIENT=571f27d3-0055-8fa3-ebf7-a4892eab24d0 | STATUS=SUCCESS | MESSAGE=Client connected
2026-05-28T21:05:30.132514600 | TYPE=MESSAGE_RECEIVED | CLIENT=571f27d3-0055-8fa3-ebf7-a4892eab24d0 | STATUS=RECEIVED | MESSAGE=hii
2026-05-28T21:05:33.514512400 | TYPE=MESSAGE_RECEIVED | CLIENT=56f08cf1-d630-35e5-13f1-d3cfcde8ead4 | STATUS=RECEIVED | MESSAGE=hii
2026-05-28T21:15:29.785176800 | TYPE=DISCONNECT | CLIENT=56f08cf1-d630-35e5-13f1-d3cfcde8ead4 | STATUS=SUCCESS | MESSAGE=Client disconnected
2026-05-28T21:15:29.846313400 | TYPE=CONNECT | CLIENT=ffd10d9e-4b26-efb2-595c-32c5dcb6721a | STATUS=SUCCESS | MESSAGE=Client connected
2026-05-28T21:15:32.560011100 | TYPE=DISCONNECT | CLIENT=571f27d3-0055-8fa3-ebf7-a4892eab24d0 | STATUS=SUCCESS | MESSAGE=Client disconnected
2026-05-28T21:15:35.617868900 | TYPE=MESSAGE_RECEIVED | CLIENT=ffd10d9e-4b26-efb2-595c-32c5dcb6721a | STATUS=RECEIVED | MESSAGE=hii
2026-05-28T21:19:23.447548200 | TYPE=CONNECT | CLIENT=11129f7b-8d77-301f-e15b-ff802d7458d1 | STATUS=SUCCESS | MESSAGE=Client connected
2026-05-28T21:20:47.022636 | TYPE=DISCONNECT | CLIENT=11129f7b-8d77-301f-e15b-ff802d7458d1 | STATUS=SUCCESS | MESSAGE=Client disconnected
2026-05-28T21:20:47.145788500 | TYPE=CONNECT | CLIENT=56afb9a8-4fe9-01e2-9a6c-60dbecd65a33 | STATUS=SUCCESS | MESSAGE=Client connected
2026-05-28T21:20:51.070148800 | TYPE=DISCONNECT | CLIENT=56afb9a8-4fe9-01e2-9a6c-60dbecd65a33 | STATUS=SUCCESS | MESSAGE=Client disconnected
2026-05-28T21:20:51.113835700 | TYPE=CONNECT | CLIENT=5a6980f9-87e6-d860-973a-87e161220f0e | STATUS=SUCCESS | MESSAGE=Client connected
2026-05-28T21:20:53.365730500 | TYPE=DISCONNECT | CLIENT=5a6980f9-87e6-d860-973a-87e161220f0e | STATUS=SUCCESS | MESSAGE=Client disconnected
2026-05-28T21:20:53.420344100 | TYPE=CONNECT | CLIENT=14b16547-8e47-da66-2a3a-3d4b05157fe3 | STATUS=SUCCESS | MESSAGE=Client connected
2026-05-28T21:20:54.186480200 | TYPE=DISCONNECT | CLIENT=14b16547-8e47-da66-2a3a-3d4b05157fe3 | STATUS=SUCCESS | MESSAGE=Client disconnected
2026-05-28T21:20:54.237940400 | TYPE=CONNECT | CLIENT=0be05082-186a-4bf3-b7ef-ccee049158ea | STATUS=SUCCESS | MESSAGE=Client connected
2026-05-28T21:20:57.179383800 | TYPE=MESSAGE_RECEIVED | CLIENT=0be05082-186a-4bf3-b7ef-ccee049158ea | STATUS=RECEIVED | MESSAGE=hii
2026-05-28T21:21:00.137795200 | TYPE=MESSAGE_RECEIVED | CLIENT=0be05082-186a-4bf3-b7ef-ccee049158ea | STATUS=RECEIVED | MESSAGE=hii
2026-05-28T21:24:58.639791100 | TYPE=CONNECT | CLIENT=994b7f27-4b9c-b5d7-c336-cab110eb9dbc | STATUS=SUCCESS | MESSAGE=Client connected
2026-05-28T21:25:29.579241400 | TYPE=DISCONNECT | CLIENT=994b7f27-4b9c-b5d7-c336-cab110eb9dbc | STATUS=SUCCESS | MESSAGE=Client disconnected
2026-05-28T21:25:29.705600700 | TYPE=CONNECT | CLIENT=4800892f-5ece-d5c0-5eee-0034cb95aef8 | STATUS=SUCCESS | MESSAGE=Client connected
2026-05-28T21:25:32.002151700 | TYPE=DISCONNECT | CLIENT=4800892f-5ece-d5c0-5eee-0034cb95aef8 | STATUS=SUCCESS | MESSAGE=Client disconnected
2026-05-28T21:25:36.097674900 | TYPE=CONNECT | CLIENT=26c3107a-71f6-2116-1dd7-13990ce3c580 | STATUS=SUCCESS | MESSAGE=Client connected
2026-05-28T21:25:39.739741600 | TYPE=MESSAGE_RECEIVED | CLIENT=26c3107a-71f6-2116-1dd7-13990ce3c580 | STATUS=RECEIVED | MESSAGE=hi
2026-05-28T21:32:26.717019100 | TYPE=CONNECT | CLIENT=a498e7dd-b964-13f3-c1a3-43661fcb4842 | STATUS=SUCCESS | MESSAGE=Client connected
2026-05-28T21:32:33.942884600 | TYPE=DISCONNECT | CLIENT=a498e7dd-b964-13f3-c1a3-43661fcb4842 | STATUS=SUCCESS | MESSAGE=Client disconnected
2026-05-28T21:33:15.977488200 | TYPE=CONNECT | CLIENT=0154b455-1099-3cc3-970e-374f8713efd8 | STATUS=SUCCESS | MESSAGE=Client connected
2026-05-28T21:33:19.012212400 | TYPE=MESSAGE_RECEIVED | CLIENT=0154b455-1099-3cc3-970e-374f8713efd8 | STATUS=RECEIVED | MESSAGE=hii
2026-05-28T21:36:06.471015400 | TYPE=MESSAGE_RECEIVED | CLIENT=0154b455-1099-3cc3-970e-374f8713efd8 | STATUS=RECEIVED | MESSAGE=hi
2026-05-28T21:39:55.232639800 | TYPE=CONNECT | CLIENT=4184f895-62ec-45b9-d897-12f10f44156b | STATUS=SUCCESS | MESSAGE=Client connected
2026-05-28T21:40:09.775245500 | TYPE=DISCONNECT | CLIENT=4184f895-62ec-45b9-d897-12f10f44156b | STATUS=SUCCESS | MESSAGE=Client disconnected
2026-05-28T21:40:09.821780900 | TYPE=CONNECT | CLIENT=d17078eb-7646-6973-f3c8-5f12bcab5b43 | STATUS=SUCCESS | MESSAGE=Client connected
2026-05-28T21:40:12.753773800 | TYPE=MESSAGE_RECEIVED | CLIENT=d17078eb-7646-6973-f3c8-5f12bcab5b43 | STATUS=RECEIVED | MESSAGE=hi
2026-05-28T21:43:47.192323200 | TYPE=CONNECT | CLIENT=8134cdd5-fb03-2fd2-a930-4fb97dbdd0b4 | STATUS=SUCCESS | MESSAGE=Client connected
2026-05-28T21:44:21.650174900 | TYPE=DISCONNECT | CLIENT=8134cdd5-fb03-2fd2-a930-4fb97dbdd0b4 | STATUS=SUCCESS | MESSAGE=Client disconnected
2026-05-28T21:44:21.824637900 | TYPE=CONNECT | CLIENT=334fbec7-259c-f30c-d469-44fcd5cbb407 | STATUS=SUCCESS | MESSAGE=Client connected
2026-05-28T21:44:25.258634900 | TYPE=MESSAGE_RECEIVED | CLIENT=334fbec7-259c-f30c-d469-44fcd5cbb407 | STATUS=RECEIVED | MESSAGE=hi
2026-05-28T21:50:34.939640500 | TYPE=CONNECT | CLIENT=7d9294b3-dc27-65a2-7a96-c7ed06c96054 | STATUS=SUCCESS | MESSAGE=Client connected
2026-05-28T21:50:37.347424700 | TYPE=MESSAGE_RECEIVED | CLIENT=7d9294b3-dc27-65a2-7a96-c7ed06c96054 | STATUS=RECEIVED | MESSAGE=hi
2026-05-29T13:02:56.836053600 | TYPE=CONNECT | CLIENT=c7df4e6a-24ed-24ee-a8d1-93ac03c2ca96 | STATUS=SUCCESS | MESSAGE=Client connected
2026-05-29T13:02:59.020415200 | TYPE=MESSAGE_RECEIVED | CLIENT=c7df4e6a-24ed-24ee-a8d1-93ac03c2ca96 | STATUS=RECEIVED | MESSAGE=hi
2026-05-29T13:06:20.223070300 | TYPE=CONNECT | CLIENT=f96fcd07-8b97-4a92-cd51-3a7c3a57d7e7 | STATUS=SUCCESS | MESSAGE=Client connected
2026-05-29T13:06:27.602039 | TYPE=DISCONNECT | CLIENT=f96fcd07-8b97-4a92-cd51-3a7c3a57d7e7 | STATUS=SUCCESS | MESSAGE=Client disconnected
2026-05-29T13:06:27.696485700 | TYPE=CONNECT | CLIENT=1ea3677c-3c7f-3b5e-2534-65abe358f24f | STATUS=SUCCESS | MESSAGE=Client connected
2026-05-29T13:06:30.422297100 | TYPE=MESSAGE_RECEIVED | CLIENT=1ea3677c-3c7f-3b5e-2534-65abe358f24f | STATUS=RECEIVED | MESSAGE=hii
